<html>
<body>
<pre>
<h1>µVision Build Log</h1>
<h2>Project:</h2>
C:\Users\imz\Documents\LED Blinking\led project\led pmw.uvproj
Project File Date:  08/06/2020

<h2>Output:</h2>
Build target 'Target 1'
compiling led pmw.c...
led pmw.c(44): error:  #20: identifier "PWM_ISR" is undefined
Target not created
Build target 'Target 1'
compiling led pmw.c...
linking...
Program Size: Code=1044 RO-data=16 RW-data=0 ZI-data=1256  
FromELF: creating hex file...
"led pmw.axf" - 0 Error(s), 0 Warning(s).
Build target 'Target 1'
compiling led pmw.c...
linking...
Program Size: Code=1184 RO-data=16 RW-data=0 ZI-data=1256  
FromELF: creating hex file...
"led pmw.axf" - 0 Error(s), 0 Warning(s).
Build target 'Target 1'
compiling led pmw.c...
linking...
Program Size: Code=1004 RO-data=16 RW-data=0 ZI-data=1256  
FromELF: creating hex file...
"led pmw.axf" - 0 Error(s), 0 Warning(s).
Build target 'Target 1'
compiling led pmw.c...
linking...
Program Size: Code=1004 RO-data=16 RW-data=0 ZI-data=1256  
FromELF: creating hex file...
"led pmw.axf" - 0 Error(s), 0 Warning(s).
Build target 'Target 1'
compiling led pmw.c...
linking...
Program Size: Code=1004 RO-data=16 RW-data=0 ZI-data=1256  
FromELF: creating hex file...
"led pmw.axf" - 0 Error(s), 0 Warning(s).
Build target 'Target 1'
compiling led pmw.c...
linking...
Program Size: Code=1004 RO-data=16 RW-data=0 ZI-data=1256  
FromELF: creating hex file...
"led pmw.axf" - 0 Error(s), 0 Warning(s).
Build target 'Target 1'
compiling led pmw.c...
linking...
Program Size: Code=1004 RO-data=16 RW-data=0 ZI-data=1256  
FromELF: creating hex file...
"led pmw.axf" - 0 Error(s), 0 Warning(s).
Build target 'Target 1'
compiling led pmw.c...
linking...
Program Size: Code=1004 RO-data=16 RW-data=0 ZI-data=1256  
FromELF: creating hex file...
"led pmw.axf" - 0 Error(s), 0 Warning(s).
