<html>
<body>
<pre>
<h1>µVision Build Log</h1>
<h2>Project:</h2>
C:\Users\imz\Documents\LED Blinking\led project\LED Blinking2.uvproj
Project File Date:  07/30/2020

<h2>Output:</h2>
Build target 'Target1'
compiling LED Blinking2.c...
LED Blinking2.c(21): warning:  #1-D: last line of file ends without a newline
linking...
Program Size: Code=868 RO-data=16 RW-data=0 ZI-data=1256  
FromELF: creating hex file...
"LED Blinking2.axf" - 0 Error(s), 1 Warning(s).
Build target 'Target1'
compiling LED Blinking2.c...
LED Blinking2.c(21): warning:  #1-D: last line of file ends without a newline
linking...
Program Size: Code=868 RO-data=16 RW-data=0 ZI-data=1256  
FromELF: creating hex file...
"LED Blinking2.axf" - 0 Error(s), 1 Warning(s).
Build target 'Target1'
compiling LED Blinking2.c...
LED Blinking2.c(21): warning:  #1-D: last line of file ends without a newline
linking...
Program Size: Code=868 RO-data=16 RW-data=0 ZI-data=1256  
FromELF: creating hex file...
"LED Blinking2.axf" - 0 Error(s), 1 Warning(s).
Build target 'Target1'
compiling LED Blinking2.c...
LED Blinking2.c(21): warning:  #1-D: last line of file ends without a newline
linking...
Program Size: Code=868 RO-data=16 RW-data=0 ZI-data=1256  
FromELF: creating hex file...
"LED Blinking2.axf" - 0 Error(s), 1 Warning(s).
Build target 'Target1'
compiling LED Blinking2.c...
LED Blinking2.c(21): warning:  #1-D: last line of file ends without a newline
linking...
Program Size: Code=868 RO-data=16 RW-data=0 ZI-data=1256  
FromELF: creating hex file...
"LED Blinking2.axf" - 0 Error(s), 1 Warning(s).
Build target 'Target1'
compiling LED Blinking2.c...
LED Blinking2.c(13): error:  #20: identifier "I01DIR" is undefined
LED Blinking2.c(21): warning:  #1-D: last line of file ends without a newline
Target not created
Build target 'Target1'
compiling LED Blinking2.c...
LED Blinking2.c(21): warning:  #1-D: last line of file ends without a newline
linking...
Program Size: Code=868 RO-data=16 RW-data=0 ZI-data=1256  
FromELF: creating hex file...
"LED Blinking2.axf" - 0 Error(s), 1 Warning(s).
Build target 'Target1'
compiling LED Blinking2.c...
LED Blinking2.c(21): warning:  #1-D: last line of file ends without a newline
linking...
Program Size: Code=868 RO-data=16 RW-data=0 ZI-data=1256  
FromELF: creating hex file...
"LED Blinking2.axf" - 0 Error(s), 1 Warning(s).
Build target 'Target1'
compiling LED Blinking2.c...
LED Blinking2.c(21): warning:  #1-D: last line of file ends without a newline
linking...
Program Size: Code=868 RO-data=16 RW-data=0 ZI-data=1256  
FromELF: creating hex file...
"LED Blinking2.axf" - 0 Error(s), 1 Warning(s).
Build target 'Target1'
compiling LED Blinking2.c...
LED Blinking2.c(21): warning:  #1-D: last line of file ends without a newline
linking...
Program Size: Code=868 RO-data=16 RW-data=0 ZI-data=1256  
FromELF: creating hex file...
"LED Blinking2.axf" - 0 Error(s), 1 Warning(s).
Build target 'Target1'
compiling LED Blinking2.c...
LED Blinking2.c(21): warning:  #1-D: last line of file ends without a newline
linking...
Program Size: Code=868 RO-data=16 RW-data=0 ZI-data=1256  
FromELF: creating hex file...
"LED Blinking2.axf" - 0 Error(s), 1 Warning(s).
Build target 'Target1'
compiling LED Blinking2.c...
LED Blinking2.c(21): warning:  #1-D: last line of file ends without a newline
linking...
Program Size: Code=868 RO-data=16 RW-data=0 ZI-data=1256  
FromELF: creating hex file...
"LED Blinking2.axf" - 0 Error(s), 1 Warning(s).
Build target 'Target1'
compiling LED Blinking2.c...
LED Blinking2.c(21): warning:  #1-D: last line of file ends without a newline
linking...
Program Size: Code=868 RO-data=16 RW-data=0 ZI-data=1256  
FromELF: creating hex file...
"LED Blinking2.axf" - 0 Error(s), 1 Warning(s).
