<html>
<body>
<pre>
<h1>µVision Build Log</h1>
<h2>Project:</h2>
C:\Users\imz\Documents\LED Blinking\led project\swtch.uvproj
Project File Date:  08/08/2020

<h2>Output:</h2>
Build target 'Target 1'
compiling swtch.c...
swtch.c(1): error:  #5: cannot open source input file "lpc2148.h": No such file or directory
Target not created
Build target 'Target 1'
compiling swtch.c...
swtch.c(2): warning:  #1295-D: Deprecated declaration delay - give arg types
swtch.c(3): warning:  #951-D: return type of function "main" must be "int"
swtch.c(6): error:  #20: identifier "IO01DIR" is undefined
swtch.c(19): warning:  #1-D: last line of file ends without a newline
Target not created
Build target 'Target 1'
compiling swtch.c...
swtch.c(2): warning:  #1295-D: Deprecated declaration delay - give arg types
swtch.c(3): warning:  #951-D: return type of function "main" must be "int"
swtch.c(6): error:  #20: identifier "IO01DIR" is undefined
swtch.c(19): warning:  #1-D: last line of file ends without a newline
Target not created
Rebuild target 'Target 1'
assembling Startup.s...
compiling swtch.c...
swtch.c(2): warning:  #1295-D: Deprecated declaration delay - give arg types
swtch.c(3): warning:  #951-D: return type of function "main" must be "int"
swtch.c(6): error:  #20: identifier "IO01DIR" is undefined
swtch.c(19): warning:  #1-D: last line of file ends without a newline
Target not created
Build target 'Target 1'
compiling swtch.c...
swtch.c(2): warning:  #1295-D: Deprecated declaration delay - give arg types
swtch.c(3): warning:  #951-D: return type of function "main" must be "int"
swtch.c(19): warning:  #1-D: last line of file ends without a newline
linking...
Program Size: Code=872 RO-data=16 RW-data=0 ZI-data=1256  
FromELF: creating hex file...
"swtch.axf" - 0 Error(s), 3 Warning(s).
Build target 'Target 1'
compiling swtch.c...
swtch.c(2): warning:  #1295-D: Deprecated declaration delay - give arg types
swtch.c(3): warning:  #951-D: return type of function "main" must be "int"
swtch.c(19): warning:  #1-D: last line of file ends without a newline
linking...
Program Size: Code=872 RO-data=16 RW-data=0 ZI-data=1256  
FromELF: creating hex file...
"swtch.axf" - 0 Error(s), 3 Warning(s).
